[11:36:56] [trace] Aurie Core v2.0.2 loaded at 00007FFA4EC40000
[11:36:56] [trace] [ArProcessAttach] Current folder is C:\Program Files (x86)\Steam\steamapps\common\How Many Dudes
[11:36:57] [trace] MdpLookupModuleByPath(C:\Program Files (x86)\Steam\steamapps\common\How Many Dudes\mods\aurie\YYToolkit.dll) returns 0000000000000000 (AURIE_OBJECT_NOT_FOUND)
[11:36:57] [trace] [MdMapImageEx] MdpMapImage(YYToolkit.dll) returns AURIE_SUCCESS (GLE 0x12)
[11:36:57] [trace] MdpProcessImageExports 'C:\Program Files (x86)\Steam\steamapps\common\How Many Dudes\mods\aurie\YYToolkit.dll'
[11:36:57] [trace] - __AurieFrameworkInit offset: B9E0
[11:36:57] [trace] - ModuleInitialize offset: BD20
[11:36:57] [trace] - ModuleOperationCallback offset: BAC0
[11:36:57] [trace] - ModuleEntrypoint offset: BC40
[11:36:57] [trace] - ModulePreinitialize offset: 0
[11:36:57] [trace] - ModuleUnload offset: 0
[11:36:57] [trace] [ArProcessAttach] Loading mods with ModuleEntrypoint...
[11:36:57] [trace] [YYToolkit\source\ModuleMain.cpp:62] YYTK_ZeusPrivate interface created with status AURIE_SUCCESS
[11:36:57] [trace] YYToolkit 5.0.0 loading - hello from MiPrintLoadInfo!
[11:36:57] [trace] Executable HowManyDudes.exe is loaded at 00007FF7E8F80000
[11:36:57] [trace] .text section spans 0x7FF7E8F81000-0x7FF7EAB2D6C4
[11:36:58] [trace] Using LEA pattern for RI ending
[11:36:58] [debug] Found lea_call_pair at 0x7FF7EA4E1BEC
[11:36:58] [trace] Assumed RI base: 0x7FF7EA4E16CD | call 0x00007FF7EA4E5660
[11:36:58] [trace] RI hookpoint: 0x7FF7EA4E1241 | mov rax, [0x00007FF7EB2DE3A8]
[11:36:58] [trace] Zeus::FindRunnerInterfaceHookpoint => AURIE_SUCCESS
[11:36:58] [trace] Zeus::RegisterRunnerInterfaceHook => AURIE_SUCCESS
[11:36:58] [trace] Zeus::FindCodeExecutionHookpoint => call 0x00007FF7EA3EF980
[11:36:58] [trace] Zeus::FindCodeExecutionHookpoint => AURIE_SUCCESS
[11:36:58] [trace] Hooks::InitializeStage1Hooks => AURIE_SUCCESS
[11:36:58] [trace] [YYToolkit\source\ModuleMain.cpp:79] YYTK_ZeusMain interface created with status AURIE_SUCCESS
[11:36:58] [trace] [ArProcessAttach] Loading mods with ModulePreinitialize...
[11:36:58] [trace] [ElWaitForCurrentProcessWindow] Waiting for process window...
[11:36:59] [trace]     rax=0000000000000000 rbx=000001ef0242c070 rcx=a2a662e3879a0000
[11:36:59] [trace]     rdx=00007ff7eabf7570 rsi=00000000000001b8 rdi=0000000000001100
[11:36:59] [trace]     rip=00007ff7e8f70000 rsp=000000a06411de40 rbp=000000a06411df40
[11:36:59] [trace]     r8=0000000000000212 r9=0000000000000001 r10=00007ff7e8f80000
[11:36:59] [trace]     r11=000000a06411e560 r12=0000000000000001 r13=0000000000000003
[11:36:59] [trace]     r14=00000000000024d8 r15=00000000074c6e95 tsp=000000a06411de38
[11:36:59] [warning] Unknown LEA address at 7ff7ea4e1be7 (lea rcx, [rsp+0x60])
[11:36:59] [trace] YkSetupLateInitialization() starts waiting...
[11:36:59] [debug] Runner interface created, continuing...
[11:36:59] [trace] Found the_functions reference in Script_Perform (mov rax, [0x00007FF7EB3C6C60])
[11:36:59] [trace] Zeus::YYC::FindFunctionsArray => AURIE_SUCCESS
[11:36:59] [trace] Zeus::DetermineFunctionEntrySize => AURIE_SUCCESS
[11:36:59] [trace] code_is_compiled => AURIE_SUCCESS
[11:36:59] [trace] m_IsYYCRunner => true
[11:36:59] [trace] Zeus::YYC::GetBuiltinInformation => AURIE_SUCCESS
[11:36:59] [trace] @@CopyStatic@@ => AURIE_SUCCESS
[11:36:59] [trace] Zeus::FindScriptData => AURIE_SUCCESS
[11:36:59] [trace] Zeus::YYC::FindArrayOffsetFromRValue => AURIE_SUCCESS
[11:36:59] [trace] Array offset is 8
[11:36:59] [trace] room_instance_clear => AURIE_SUCCESS
[11:36:59] [trace] Zeus::YYC::FindRoomData => AURIE_SUCCESS
[11:36:59] [trace] room_width => AURIE_SUCCESS
[11:36:59] [trace] room_width handlers => AURIE_SUCCESS
[11:36:59] [trace] Zeus::FindCurrentRoomData => AURIE_SUCCESS
[11:36:59] [trace] Zeus::FindSlotAdditionFunction => AURIE_SUCCESS
[11:36:59] [trace] Zeus::FindSlotAllocationFunction => AURIE_SUCCESS
[11:36:59] [trace] is_nan => AURIE_SUCCESS
[11:36:59] [trace] Zeus::FindErrorSuppressionVariable => AURIE_SUCCESS
[11:36:59] [trace] window_handle => AURIE_SUCCESS
[11:36:59] [trace] Hooks::InitializeStage2Hooks => AURIE_SUCCESS
[11:37:01] [trace] [ElWaitForCurrentProcessWindow] Got process window!
[11:37:01] [trace] [ArProcessAttach] Loading all remaining mods...
[11:37:01] [trace] MdpLookupModuleByPath(C:\Program Files (x86)\Steam\steamapps\common\How Many Dudes\mods\aurie\HowManyDudesMultiplayer.dll) returns 0000000000000000 (AURIE_OBJECT_NOT_FOUND)
[11:37:01] [trace] [MdMapImageEx] MdpMapImage(HowManyDudesMultiplayer.dll) returns AURIE_SUCCESS (GLE 0x12)
[11:37:01] [trace] MdpProcessImageExports 'C:\Program Files (x86)\Steam\steamapps\common\How Many Dudes\mods\aurie\HowManyDudesMultiplayer.dll'
[11:37:01] [trace] - __AurieFrameworkInit offset: 5FC0
[11:37:01] [trace] - ModuleInitialize offset: 183D0
[11:37:01] [trace] - ModuleOperationCallback offset: 0
[11:37:01] [trace] - ModuleEntrypoint offset: 0
[11:37:01] [trace] - ModulePreinitialize offset: 0
[11:37:01] [trace] - ModuleUnload offset: 18C00
[11:37:01] [trace] MdpLookupModuleByPath(C:\Program Files (x86)\Steam\steamapps\common\How Many Dudes\mods\aurie\YYToolkit.dll) returns 000001EF7E73CA10 (AURIE_SUCCESS)
[11:37:01] [trace] [MdMapImageEx] MdpMapImage(YYToolkit.dll) returns AURIE_OBJECT_ALREADY_EXISTS (GLE 0x0)
[11:37:01] [trace] YkSetupFinalInitialization() starts waiting...
[11:37:01] [info] YYToolkit has been loaded successfully.
[11:37:01] [info] [HMD-MP] HowManyDudesMultiplayer loading...
[11:37:01] [info] [HMD-MP] Copyright (C) 2026 Braden Atzert. Free software under AGPL-3.0-or-later,
[11:37:01] [info] [HMD-MP] with ABSOLUTELY NO WARRANTY. Source: https://github.com/IMBRADY/HowManyDudesMultiplayer
[11:37:01] [info] [HMD-MP] config: peer=auto port=47801 discovery=1 key=none auto_host=0 auto_join=0 duel_interval=20 sync_run_start=1
[11:37:01] [info] [HMD-MP] net: worker started
[11:37:01] [info] [HMD-MP] steam: ready as 'Nur' - F7 invites a friend, no ports needed
[11:37:01] [info] [HMD-MP] hooked gml_Script_round_number_frame
[11:37:01] [info] [HMD-MP] hooked gml_Script_run_map_cell
[11:37:01] [info] [HMD-MP] hooked gml_Script_cakeframe_draw_sprite_ext
[11:37:01] [info] [HMD-MP] hooked gml_Script_cakeframe_draw_text_to_fit
[11:37:02] [info] [HMD-MP] hooked gml_Script_cakeframe_draw_sprite_to_fit
[11:37:02] [info] [HMD-MP] hooked gml_Script_draw_sprite_centered_ext
[11:37:02] [info] [HMD-MP] hooked gml_Script_drawtext
[11:37:02] [info] [HMD-MP] hooked gml_Script_cf_draw
[11:37:02] [info] [HMD-MP] 6 draw anchor(s) hooked - F6 reports which one the game actually calls
[11:37:02] [info] [HMD-MP] hooked gml_Script_victory_ui_round_finish
[11:37:02] [info] [HMD-MP] hooked gml_Script_new_run_start
[11:37:02] [info] [HMD-MP] phase -> offline (initialised)
[11:37:02] [info] [HMD-MP] ready. F7 invite a Steam friend | F9 host | F10 join | F11 disconnect | F8 status | F6 diagnostics
[11:37:02] [info] [HMD-MP] easiest way to play: press F7 twice - once to open a lobby, again to pick a friend. No ports, works over the internet.
[11:37:02] [trace] [ArProcessAttach] Init done.
[11:37:04] [info] [HMD-MP] tick is live - hotkeys active
[11:37:10] [info] [HMD-MP] signature: gml_Script_draw_sprite_centered_ext(10 args) = ref, num(0), num(3705), num(2025), num(0.5625), num(0.5625), num(0), num(2.20388e+06), num(1), bool(false) -> undefined
[11:37:24] [info] [HMD-MP][CONNECT] steam: invite accepted - joining lobby
[11:37:24] [info] [HMD-MP][CONNECT] steam: joining (invite accepted)
[11:37:24] [info] [HMD-MP] steam: lobby now has 0 member(s) - waiting for your friend to join
[11:37:24] [info] [HMD-MP][CONNECT] steam: entered the host's lobby
[11:37:24] [info] [HMD-MP][CONNECT] steam: joined (peer present in lobby)
[11:37:24] [info] [HMD-MP] steam: lobby now has 2 member(s)
[11:37:24] [info] [HMD-MP] phase -> idle (peer link established - new match, 3 lives each)
[11:37:24] [info] [HMD-MP] Connected to your opponent. 3 lives each - duels every 20 rounds.
[11:37:24] [info] [HMD-MP] first call to 'gml_Script_hmd_infostream_spawn' (1 arg(s)) - if the game stops here, this routine is not safe to call and the feature using it needs disabling
[11:37:24] [info] [HMD-MP] probe: code-entry census closed
[11:37:24] [info] [HMD-MP] probe: ===== runtime discovery report =====
[11:37:24] [info] [HMD-MP] probe: room=rm_mainmenu
[11:37:24] [info] [HMD-MP] probe: code callback fired 93892 time(s) across 37 distinct entries (0 with no code object)
[11:37:24] [info] [HMD-MP] probe: head sprite resolved, info stream working
[11:37:24] [info] [HMD-MP] probe:   anchor gml_Script_cakeframe_draw_sprite_ext       hooked, 0 call(s)
[11:37:24] [info] [HMD-MP] probe:   anchor gml_Script_cakeframe_draw_text_to_fit      hooked, 0 call(s)
[11:37:24] [info] [HMD-MP] probe:   anchor gml_Script_cakeframe_draw_sprite_to_fit    hooked, 0 call(s)
[11:37:24] [info] [HMD-MP] probe:   anchor gml_Script_draw_sprite_centered_ext        hooked, 23426 call(s)
[11:37:24] [info] [HMD-MP] probe:   anchor gml_Script_drawtext                        hooked, 0 call(s)
[11:37:24] [info] [HMD-MP] probe:   anchor gml_Script_cf_draw                         hooked, 0 call(s)
[11:37:24] [info] [HMD-MP] probe: current draw font is '__newfont0'
[11:37:24] [info] [HMD-MP] probe: round=0 (source: unresolved) tracking=UNAVAILABLE (act fallback) progress=0 act=0 duel every 20 rounds
[11:37:24] [info] [HMD-MP] probe:   gml_Script_wave_real - present
[11:37:24] [info] [HMD-MP] probe:   gml_Script_get_round_to_jump_to - present
[11:37:24] [info] [HMD-MP] probe:   gml_Script_round_has_boss - present
[11:37:24] [info] [HMD-MP] probe:   gml_Script_jump_to_round - present
[11:37:24] [info] [HMD-MP] probe:   gml_Script_get_act_number - present
[11:37:24] [info] [HMD-MP] probe: 0 run-map cell(s) tracked
[11:37:24] [info] [HMD-MP] probe: draw space not observed - the cf_draw hook has not delivered a frame
[11:37:24] [info] [HMD-MP] probe: match phase=idle duel_round=0 completed=0 sync_run_start=1 hooks: end_of_round=yes run_start=yes
[11:37:24] [info] [HMD-MP] probe: o_gameplay not instantiated (not in a run) - re-run the probe from inside a round to list its members
[11:37:24] [info] [HMD-MP] --- global members matching the search ---
[11:37:24] [info] [HMD-MP]     BEST_RUN                                 = 17
[11:37:24] [info] [HMD-MP]     BOSS_FIGHTS_FINAL_ACT                    = 5
[11:37:24] [info] [HMD-MP]     bs_runtime_version                       = "2024.14.0.251.21"
[11:37:24] [info] [HMD-MP]     COLOR_OVERLAY_DEPTH                      = -1e+06
[11:37:24] [info] [HMD-MP]     CURRENT_RUN_ID                           = "mm2hm"
[11:37:24] [info] [HMD-MP]     DUDE_JUICE_USED_THIS_RUN                 = 0
[11:37:24] [info] [HMD-MP]     FALLOFF_FACTOR                           = 1
[11:37:24] [info] [HMD-MP]     GAMEPAD_ACTIVE                           = 0
[11:37:24] [info] [HMD-MP]     NUM_BEST_RUNS_TO_SAVE                    = 30
[11:37:24] [info] [HMD-MP]     NUM_DUDES_ACTIVE                         = 2
[11:37:24] [info] [HMD-MP]     NUM_ENEMIES_ACTIVE                       = 0
[11:37:24] [info] [HMD-MP]     RANDOM_ALIAS_CHARACTER_LIMIT             = 20
[11:37:24] [info] [HMD-MP]     RANDOM_ALIAS_CHARACTER_MIN               = 3
[11:37:24] [info] [HMD-MP]     REQUEST_SIGNING_ACTIVE                   = 1
[11:37:24] [info] [HMD-MP]     ROUNDED_CORNERS                          = 0
[11:37:24] [info] [HMD-MP]     ROUNDS_PER_BOSS                          = 20
[11:37:24] [info] [HMD-MP]     ROUNDS_PER_SHOP                          = 5
[11:37:24] [info] [HMD-MP]     RUN_ENDED                                = 0
[11:37:24] [info] [HMD-MP]     RUN_SPEED_PIXELS_PER_SECOND              = 1000
[11:37:24] [info] [HMD-MP]     RUN_SUMMARY_GAP                          = 10
[11:37:24] [info] [HMD-MP]     RUN_SUMMARY_ICON_SIZE                    = 140
[11:37:24] [info] [HMD-MP]     RUN_SUMMARY_SECTION_PADDING              = 15
[11:37:24] [info] [HMD-MP]     SILVER_STAR_ROUND                        = 60
[11:37:24] [info] [HMD-MP] --- 23 match(es) ---
[11:37:24] [info] [HMD-MP] probe: ===== end of report =====
[11:37:38] [info] [HMD-MP] signature: gml_Script_new_run_start(2 args) = undefined, undefined -> <null>
[11:37:38] [info] [HMD-MP] run started - round 1
[11:37:38] [info] [HMD-MP] Starting a run - pulling your opponent in too.
[11:37:38] [info] [HMD-MP] waiting for your opponent to start a run - the duel happens when you both reach round 20
[11:37:53] [info] [HMD-MP] waiting for your opponent to start a run - the duel happens when you both reach round 20
[11:38:02] [info] [HMD-MP] steam: lobby now has 1 member(s) - waiting for your friend to join
[11:38:02] [info] [HMD-MP][CONNECT] steam: hosting (peer left the lobby)
[11:38:02] [info] [HMD-MP][CONNECT] steam: your opponent left - press F7 to invite someone else
[11:38:02] [info] [HMD-MP] Your opponent disconnected - the match is over (lives were 3 to 3).
[11:38:02] [info] [HMD-MP] phase -> offline (peer link lost - match ended)
